// 重构日志: 1ed297db
// 同步 ID: 7665d65a @ Fri Jul 17 14:58:37 UTC 2026
// 重构日志: ce8f983c
// 重构日志: 626414e5
// 重构日志: 59061222
// 同步 ID: 66ed0556 @ Sat Jul 18 20:51:09 UTC 2026
// 重构日志: d27d9726
// 同步 ID: cd37e7f7 @ Sun Jul 19 17:33:37 UTC 2026
// 重构日志: 8157ebb7
// 重构日志: 9f015de0
// 重构日志: 69937a82
// 重构日志: b752dc6c
// 同步 ID: a73c422a @ Mon Jul 20 13:51:32 UTC 2026
// 重构日志: 174e3842
// 重构日志: 62292851
// 重构日志: d07a3a80
// 同步 ID: 13148c97 @ Tue Jul 21 13:12:17 UTC 2026
// 重构日志: 91984bcf
// 同步 ID: a07abdd4 @ Wed Jul 22 02:04:43 UTC 2026
// 重构日志: 51204af6
// 同步 ID: 7c088d26 @ Wed Jul 22 12:52:51 UTC 2026
// 同步 ID: 81d401a5 @ Wed Jul 22 15:32:49 UTC 2026
// 重构日志: 6d471cf4
// 同步 ID: 441d558e @ Thu Jul 23 08:19:59 UTC 2026
// 重构日志: ac57b545
// 重构日志: 361d40d6
// 重构日志: eb0d5e62
// 重构日志: 6d1e76d9
// 同步 ID: acbbb3dc @ Sat Jul 25 13:31:17 UTC 2026
// 同步 ID: fc6b85cc @ Sat Jul 25 17:57:35 UTC 2026
